// Jest Snapshot v1, https://goo.gl/fbAQLP

exports[`<PianoRoll /> smoke test 1`] = `
<App__Container>
  <App__Header>
    <App__Title>
      The Choordinator
    </App__Title>
    <App__Subtitle>
      Playing the white keys never sounded so good...
    </App__Subtitle>
  </App__Header>
  <App__Main>
    <App__Settings>
      <div>
        <App__Label>
          Tonic note:
        </App__Label>
        <App__Label>
          Scale:
        </App__Label>
      </div>
      <div>
        <ArrowSelect
          name="tonic"
          options={
            Array [
              "C0",
              "Db0",
              "D0",
              "Eb0",
              "E0",
              "F0",
              "Gb0",
              "G0",
              "Ab0",
              "A0",
              "Bb0",
              "B0",
              "C1",
              "Db1",
              "D1",
              "Eb1",
              "E1",
              "F1",
              "Gb1",
              "G1",
              "Ab1",
              "A1",
              "Bb1",
              "B1",
              "C2",
              "Db2",
              "D2",
              "Eb2",
              "E2",
              "F2",
              "Gb2",
              "G2",
              "Ab2",
              "A2",
              "Bb2",
              "B2",
              "C3",
              "Db3",
              "D3",
              "Eb3",
              "E3",
              "F3",
              "Gb3",
              "G3",
              "Ab3",
              "A3",
              "Bb3",
              "B3",
              "C4",
              "Db4",
              "D4",
              "Eb4",
              "E4",
              "F4",
              "Gb4",
              "G4",
              "Ab4",
              "A4",
              "Bb4",
              "B4",
              "C5",
              "Db5",
              "D5",
              "Eb5",
              "E5",
              "F5",
              "Gb5",
              "G5",
              "Ab5",
              "A5",
              "Bb5",
              "B5",
              "C6",
              "Db6",
              "D6",
              "Eb6",
              "E6",
              "F6",
              "Gb6",
              "G6",
              "Ab6",
              "A6",
              "Bb6",
              "B6",
              "C7",
              "Db7",
              "D7",
              "Eb7",
              "E7",
              "F7",
              "Gb7",
              "G7",
              "Ab7",
              "A7",
              "Bb7",
              "B7",
              "C8",
            ]
          }
          setValue={[Function]}
          value="C4"
        />
        <Select
          name="scale"
          options={
            Array [
              "\\"aeolian b5",
              "aeolian",
              "altered",
              "arabian",
              "augmented",
              "augmented heptatonic",
              "balinese",
              "bebop",
              "bebop locrian",
              "bebop major",
              "bebop minor",
              "blues",
              "chinese",
              "chromatic",
              "composite blues",
              "diminished",
              "diminished whole tone",
              "dominant",
              "dominant diminished",
              "dorian",
              "dorian #4",
              "dorian b2",
              "double harmonic lydian",
              "double harmonic major",
              "egyptian",
              "enigmatic",
              "flamenco",
              "flat six pentatonic",
              "flat three pentatonic",
              "gypsy",
              "half-diminished",
              "half-whole diminished",
              "harmonic major",
              "harmonic minor",
              "hindu",
              "hirajoshi",
              "hungarian major",
              "hungarian minor",
              "ichikosucho",
              "in-sen",
              "indian",
              "ionian",
              "ionian #5",
              "ionian augmented",
              "ionian pentatonic",
              "iwato",
              "kafi raga",
              "kumoi",
              "kumoijoshi",
              "leading whole tone",
              "locrian",
              "locrian #2",
              "locrian 6",
              "locrian major",
              "locrian natural 6",
              "locrian pentatonic",
              "locrian sharp 6",
              "lydian",
              "lydian #5P pentatonic",
              "lydian #9",
              "lydian augmented",
              "lydian b7",
              "lydian diminished",
              "lydian dominant",
              "lydian dominant pentatonic",
              "lydian minor",
              "lydian pentatonic",
              "major",
              "major #5",
              "major augmented",
              "major blues",
              "major pentatonic",
              "malkos raga",
              "melodic minor",
              "melodic minor fifth mode",
              "melodic minor second mode",
              "minor",
              "minor #7M pentatonic",
              "minor bebop",
              "minor blues",
              "minor hexatonic",
              "minor pentatonic",
              "minor seven flat five pentatonic",
              "minor six diminished",
              "minor six pentatonic",
              "mixolydian",
              "mixolydian b6",
              "mixolydian pentatonic",
              "mystery #1",
              "neopolitan major",
              "neopolitan major pentatonic",
              "oriental",
              "overtone",
              "pelog",
              "pentatonic",
              "persian",
              "phrygian",
              "phrygian #6",
              "phrygian dominant",
              "phrygian major",
              "piongio",
              "pomeroy",
              "prometheus",
              "prometheus neopolitan",
              "purvi raga",
              "ritusen",
              "romanian minor",
              "scriabin",
              "six tone symmetric",
              "spanish",
              "spanish heptatonic",
              "super locrian",
              "super locrian pentatonic",
              "superlocrian bb7",
              "todi raga",
              "ultralocrian",
              "vietnamese 1",
              "vietnamese 2",
              "whole tone",
              "whole tone pentatonic",
              "whole-half diminished",
              "Â·superlocrian diminished",
            ]
          }
          setValue={[Function]}
          value="major"
        />
      </div>
    </App__Settings>
    <PianoRoll
      scale="major"
      tonic="C4"
    />
  </App__Main>
</App__Container>
`;
